[0.009s] Invoking command in '/root/ros2_ws/src/IGVC_robot_2026/src/yolo_ros/build/yolo_msgs': CMAKE_PREFIX_PATH=${CMAKE_PREFIX_PATH}:/opt/ros/jazzy PS1=(yolo-ros) \[\e]0;\u@\h: \w\a\]${debian_chroot:+($debian_chroot)}\u@\h:\w\$ /usr/bin/cmake /root/ros2_ws/src/IGVC_robot_2026/src/yolo_ros/yolo_msgs -DAMENT_CMAKE_SYMLINK_INSTALL=1 -DCMAKE_INSTALL_PREFIX=/root/ros2_ws/src/IGVC_robot_2026/src/yolo_ros/install/yolo_msgs
[0.110s] -- The C compiler identification is GNU 13.3.0
[0.188s] -- The CXX compiler identification is GNU 13.3.0
[0.206s] -- Detecting C compiler ABI info
[0.289s] -- Detecting C compiler ABI info - done
[0.294s] -- Check for working C compiler: /usr/bin/cc - skipped
[0.295s] -- Detecting C compile features
[0.295s] -- Detecting C compile features - done
[0.305s] -- Detecting CXX compiler ABI info
[0.391s] -- Detecting CXX compiler ABI info - done
[0.397s] -- Check for working CXX compiler: /usr/bin/c++ - skipped
[0.397s] -- Detecting CXX compile features
[0.398s] -- Detecting CXX compile features - done
[0.408s] -- Found ament_cmake: 2.5.6 (/opt/ros/jazzy/share/ament_cmake/cmake)
[0.496s] -- Found Python3: /root/ros2_ws/src/IGVC_robot_2026/src/yolo_ros/.venv/bin/python3 (found version "3.12.3") found components: Interpreter 
[0.547s] -- Override CMake install command with custom implementation using symlinks instead of copying resources
[0.593s] -- Found rosidl_default_generators: 1.6.0 (/opt/ros/jazzy/share/rosidl_default_generators/cmake)
[0.601s] -- Using all available rosidl_typesupport_c: rosidl_typesupport_fastrtps_c;rosidl_typesupport_introspection_c
[0.659s] -- Using all available rosidl_typesupport_cpp: rosidl_typesupport_fastrtps_cpp;rosidl_typesupport_introspection_cpp
[0.709s] -- Found rosidl_adapter: 4.6.7 (/opt/ros/jazzy/share/rosidl_adapter/cmake)
[0.714s] -- Found std_msgs: 5.3.7 (/opt/ros/jazzy/share/std_msgs/cmake)
[0.749s] -- Found geometry_msgs: 5.3.7 (/opt/ros/jazzy/share/geometry_msgs/cmake)
[0.881s] [31mCMake Error at /opt/ros/jazzy/share/rosidl_adapter/cmake/rosidl_adapt_interfaces.cmake:57 (message):
[0.881s]   
[0.881s]   execute_process(/root/ros2_ws/src/IGVC_robot_2026/src/yolo_ros/.venv/bin/python3
[0.881s]   -m rosidl_adapter --package-name yolo_msgs --arguments-file
[0.881s]   /root/ros2_ws/src/IGVC_robot_2026/src/yolo_ros/build/yolo_msgs/rosidl_adapter__arguments__yolo_msgs.json
[0.881s]   --output-dir
[0.881s]   /root/ros2_ws/src/IGVC_robot_2026/src/yolo_ros/build/yolo_msgs/rosidl_adapter/yolo_msgs
[0.881s]   --output-file
[0.881s]   /root/ros2_ws/src/IGVC_robot_2026/src/yolo_ros/build/yolo_msgs/rosidl_adapter/yolo_msgs.idls)
[0.881s]   returned error code 1:
[0.881s] 
[0.881s]   Traceback (most recent call last):
[0.881s] 
[0.881s]     File "<frozen runpy>", line 198, in _run_module_as_main
[0.881s]     File "<frozen runpy>", line 88, in _run_code
[0.881s]     File "/opt/ros/jazzy/lib/python3.12/site-packages/rosidl_adapter/__main__.py", line 19, in <module>
[0.881s]       sys.exit(main())
[0.881s]                ^^^^^^
[0.881s]     File "/opt/ros/jazzy/lib/python3.12/site-packages/rosidl_adapter/main.py", line 53, in main
[0.881s]       abs_idl_file = convert_to_idl(
[0.881s]                      ^^^^^^^^^^^^^^^
[0.881s]     File "/opt/ros/jazzy/lib/python3.12/site-packages/rosidl_adapter/__init__.py", line 18, in convert_to_idl
[0.881s]       from rosidl_adapter.msg import convert_msg_to_idl
[0.881s]     File "/opt/ros/jazzy/lib/python3.12/site-packages/rosidl_adapter/msg/__init__.py", line 16, in <module>
[0.881s]       from rosidl_adapter.resource import expand_template
[0.881s]     File "/opt/ros/jazzy/lib/python3.12/site-packages/rosidl_adapter/resource/__init__.py", line 19, in <module>
[0.881s]       import em
[0.881s] 
[0.882s]   ModuleNotFoundError: No module named 'em'
[0.882s] 
[0.882s] Call Stack (most recent call first):
[0.882s]   /opt/ros/jazzy/share/rosidl_cmake/cmake/rosidl_generate_interfaces.cmake:132 (rosidl_adapt_interfaces)
[0.882s]   CMakeLists.txt:10 (rosidl_generate_interfaces)
[0.882s] 
[0.882s] [0m
[0.882s] -- Configuring incomplete, errors occurred!
[0.888s] Invoked command in '/root/ros2_ws/src/IGVC_robot_2026/src/yolo_ros/build/yolo_msgs' returned '1': CMAKE_PREFIX_PATH=${CMAKE_PREFIX_PATH}:/opt/ros/jazzy PS1=(yolo-ros) \[\e]0;\u@\h: \w\a\]${debian_chroot:+($debian_chroot)}\u@\h:\w\$ /usr/bin/cmake /root/ros2_ws/src/IGVC_robot_2026/src/yolo_ros/yolo_msgs -DAMENT_CMAKE_SYMLINK_INSTALL=1 -DCMAKE_INSTALL_PREFIX=/root/ros2_ws/src/IGVC_robot_2026/src/yolo_ros/install/yolo_msgs
